<html>
<body>
<pre>
<h1>µVision Build Log</h1>
<h2>Project:</h2>
C:\Users\Rahul\OneDrive\Mini_project\Mini_Projrct.uvproj
Project File Date:  06/30/2026

<h2>Output:</h2>
Rebuild target 'Target 1'
assembling Startup.s...
compiling dummy_main.c...
dummy_main.c(686): warning:  #1-D: last line of file ends without a newline
  }
dummy_main.c: 1 warning, 0 errors
compiling ecoadc.c...
ecoadc.c(35): warning:  #1-D: last line of file ends without a newline
  }
ecoadc.c: 1 warning, 0 errors
compiling ecointerrupt.c...
ecointerrupt.c(40): warning:  #1-D: last line of file ends without a newline
  }
ecointerrupt.c: 1 warning, 0 errors
compiling ecokeypad.c...
ecokeypad.c(78): warning:  #1-D: last line of file ends without a newline
  }
ecokeypad.c: 1 warning, 0 errors
compiling ecolcd.c...
ecolcd.c(114): warning:  #1-D: last line of file ends without a newline
  }
ecolcd.c: 1 warning, 0 errors
compiling ecoled.c...
ecoled.c(19): warning:  #1-D: last line of file ends without a newline
  }
ecoled.c: 1 warning, 0 errors
compiling ecortc.c...
ecortc.c(87): warning:  #1-D: last line of file ends without a newline
  }
ecortc.c: 1 warning, 0 errors
linking...
Program Size: Code=5604 RO-data=32 RW-data=56 ZI-data=1256  
FromELF: creating hex file...
".\Mini_Projrct.axf" - 0 Error(s), 7 Warning(s).
